0x7fff208ee5d8 1 uint64_t
Count 531279
The num of consistent variable is 1
The num of array we care is 0
